[01lug2025 17:12:54.397] [main/INFO] [cpw.mods.modlauncher.Launcher/MODLAUNCHER]: ModLauncher running: args [--launchTarget, forgeclientuserdev, --version, 21.0.167, --assetIndex, asset-index, --assetsDir, C:\Users\rosar\.gradle\caches\minecraft\assets, --gameDir, ., --fml.neoForgeVersion, 21.0.167, --fml.fmlVersion, 4.0.23, --fml.mcVersion, 1.21, --fml.neoFormVersion, 20240613.152323]
[01lug2025 17:12:54.400] [main/INFO] [cpw.mods.modlauncher.Launcher/MODLAUNCHER]: JVM identified as Amazon.com Inc. OpenJDK 64-Bit Server VM 21.0.6+7-LTS
[01lug2025 17:12:54.401] [main/INFO] [cpw.mods.modlauncher.Launcher/MODLAUNCHER]: ModLauncher 11.0.4+main.d2e20e43 starting: java version 21.0.6 by Amazon.com Inc.; OS Windows 11 arch amd64 version 10.0
[01lug2025 17:12:54.608] [main/INFO] [net.neoforged.fml.loading.ImmediateWindowHandler/]: Loading ImmediateWindowProvider fmlearlywindow
[01lug2025 17:12:54.727] [main/INFO] [EARLYDISPLAY/]: Trying GL version 4.6
[01lug2025 17:12:54.844] [main/INFO] [EARLYDISPLAY/]: Requested GL version 4.6 got version 4.6
[01lug2025 17:12:54.912] [main/INFO] [mixin/]: SpongePowered MIXIN Subsystem Version=0.8.6 Source=union:/C:/Users/rosar/.gradle/caches/modules-2/files-2.1/net.fabricmc/sponge-mixin/0.14.0+mixin.0.8.6/c265173c84346e9e5d42a2384b2b02bd39a4a899/sponge-mixin-0.14.0+mixin.0.8.6.jar%23135!/ Service=ModLauncher Env=CLIENT
[01lug2025 17:12:55.082] [pool-2-thread-1/INFO] [EARLYDISPLAY/]: GL info: Intel(R) UHD Graphics GL version 4.6.0 - Build 31.0.101.5592, Intel
[01lug2025 17:12:55.131] [main/INFO] [net.neoforged.fml.loading.moddiscovery.ModDiscoverer/SCAN]: Found mod file "neoforge-21.0.167.jar" [locator: neoforge devenv provider ([D:\Programmazione\Mod\Immersive Ores\NEOFORGE\1.21\.gradle\repositories\ng_dummy_ng\net\neoforged\neoforge\21.0.167\neoforge-21.0.167.jar])]
[01lug2025 17:12:55.151] [main/INFO] [net.neoforged.fml.loading.moddiscovery.ModDiscoverer/SCAN]: Found mod file "neoforge-21.0.167.jar" [locator: neoforge devenv provider ([D:\Programmazione\Mod\Immersive Ores\NEOFORGE\1.21\.gradle\repositories\ng_dummy_ng\net\neoforged\neoforge\21.0.167\neoforge-21.0.167.jar])]
[01lug2025 17:12:55.172] [main/INFO] [net.neoforged.fml.loading.moddiscovery.ModDiscoverer/SCAN]: Found mod file "main" [locator: userdev mods and services, reader: mod manifest]
[01lug2025 17:12:55.184] [main/INFO] [net.neoforged.fml.loading.moddiscovery.ModDiscoverer/SCAN]: Found mod file "neoforge-21.0.167.jar" [locator: userdev mods and services, reader: mod manifest]
[01lug2025 17:12:55.188] [main/INFO] [net.neoforged.fml.loading.moddiscovery.ModDiscoverer/SCAN]: Found mod file "architectury-neoforge-13.0.5.jar" [locator: userdev mods and services, reader: mod manifest]
[01lug2025 17:12:55.192] [main/INFO] [net.neoforged.fml.loading.moddiscovery.ModDiscoverer/SCAN]: Found mod file "RoughlyEnoughItems-neoforge-16.0.799.jar" [locator: userdev mods and services, reader: mod manifest]
[01lug2025 17:12:55.195] [main/INFO] [net.neoforged.fml.loading.moddiscovery.ModDiscoverer/SCAN]: Found mod file "jei-1.21-neoforge-19.8.2.99.jar" [locator: userdev mods and services, reader: mod manifest]
[01lug2025 17:12:55.199] [main/INFO] [net.neoforged.fml.loading.moddiscovery.ModDiscoverer/SCAN]: Found mod file "cloth-config-neoforge-15.0.130-neoforge.jar" [locator: userdev mods and services, reader: mod manifest]
[01lug2025 17:12:55.217] [main/INFO] [net.neoforged.fml.loading.moddiscovery.ModDiscoverer/SCAN]: Found gamelibrary file "mixinextras-neoforge-0.3.5.jar" [locator: userdev mods and services, reader: mod manifest]
[01lug2025 17:12:55.338] [main/WARN] [net.neoforged.jarjar.selection.JarSelector/]: Attempted to select a dependency jar for JarJar which was passed in as source: mixinextras-neoforge-0.3.5.jar. Using Mod File: C:\Users\rosar\.gradle\caches\modules-2\files-2.1\io.github.llamalad7\mixinextras-neoforge\0.3.5\ef3ffcf309dae656517b2f120189b1c9b21737dd\mixinextras-neoforge-0.3.5.jar
[01lug2025 17:12:55.339] [main/INFO] [net.neoforged.fml.loading.moddiscovery.locators.JarInJarDependencyLocator/]: No dependencies to load found. Skipping!
[01lug2025 17:12:55.521] [main/INFO] [net.neoforged.fml.loading.FMLServiceProvider/CORE]: Loading coremod script-engine for [neoforge]
[01lug2025 17:12:56.707] [main/INFO] [cpw.mods.modlauncher.LaunchServiceHandler/MODLAUNCHER]: Launching target 'forgeclientuserdev' with arguments [--version, 21.0.167, --gameDir, ., --assetsDir, C:\Users\rosar\.gradle\caches\minecraft\assets, --assetIndex, asset-index]
[01lug2025 17:12:56.788] [main/WARN] [mixin/]: Reference map 'onlyexcavators.refmap.json' for immersiveores.mixins.json could not be read. If this is a development environment you can ignore this message
[01lug2025 17:12:57.287] [main/INFO] [MixinExtras|Service/]: Initializing MixinExtras via com.llamalad7.mixinextras.service.MixinExtrasServiceImpl(version=0.3.5).
[01lug2025 17:12:58.627] [Datafixer Bootstrap/INFO] [com.mojang.datafixers.DataFixerBuilder/]: 229 Datafixer optimizations took 277 milliseconds
[01lug2025 17:13:02.857] [main/WARN] [net.minecraft.commands.Commands/]: Ambiguity between arguments [teleport, location] and [teleport, destination] with inputs: [0.1 -0.5 .9, 0 0 0]
[01lug2025 17:13:02.857] [main/WARN] [net.minecraft.commands.Commands/]: Ambiguity between arguments [teleport, location] and [teleport, targets] with inputs: [0.1 -0.5 .9, 0 0 0]
[01lug2025 17:13:02.859] [main/WARN] [net.minecraft.commands.Commands/]: Ambiguity between arguments [teleport, destination] and [teleport, targets] with inputs: [Player, 0123, @e, dd12be42-52a9-4a91-a8a1-11c01849e498]
[01lug2025 17:13:02.860] [main/WARN] [net.minecraft.commands.Commands/]: Ambiguity between arguments [teleport, targets] and [teleport, destination] with inputs: [Player, 0123, dd12be42-52a9-4a91-a8a1-11c01849e498]
[01lug2025 17:13:02.860] [main/WARN] [net.minecraft.commands.Commands/]: Ambiguity between arguments [teleport, targets, location] and [teleport, targets, destination] with inputs: [0.1 -0.5 .9, 0 0 0]
[01lug2025 17:13:02.977] [Render thread/WARN] [net.minecraft.server.packs.VanillaPackResourcesBuilder/]: Assets URL 'union:/D:/Programmazione/Mod/Immersive%20Ores/NEOFORGE/1.21/.gradle/repositories/ng_dummy_ng/net/neoforged/neoforge/21.0.167/neoforge-21.0.167.jar%23189!/assets/.mcassetsroot' uses unexpected schema
[01lug2025 17:13:02.978] [Render thread/WARN] [net.minecraft.server.packs.VanillaPackResourcesBuilder/]: Assets URL 'union:/D:/Programmazione/Mod/Immersive%20Ores/NEOFORGE/1.21/.gradle/repositories/ng_dummy_ng/net/neoforged/neoforge/21.0.167/neoforge-21.0.167.jar%23189!/data/.mcassetsroot' uses unexpected schema
[01lug2025 17:13:03.015] [Render thread/INFO] [com.mojang.authlib.yggdrasil.YggdrasilAuthenticationService/]: Environment: Environment[sessionHost=https://sessionserver.mojang.com, servicesHost=https://api.minecraftservices.com, name=PROD]
[01lug2025 17:13:03.026] [Render thread/INFO] [net.minecraft.client.Minecraft/]: Setting user: Dev
[01lug2025 17:13:03.111] [Render thread/INFO] [net.minecraft.client.Minecraft/]: Backend library: LWJGL version 3.3.3+5
[01lug2025 17:13:03.385] [modloading-worker-0/INFO] [net.neoforged.neoforge.common.NeoForgeMod/NEOFORGE-MOD]: NeoForge mod loading, version 21.0.167, for MC 1.21
[01lug2025 17:13:03.562] [modloading-worker-0/INFO] [mezz.jei.library.load.PluginCaller/]: Sending ConfigManager...
[01lug2025 17:13:03.569] [modloading-worker-0/INFO] [mezz.jei.library.load.PluginCaller/]: Sending ConfigManager took 2.959 ms
[01lug2025 17:13:03.652] [modloading-worker-0/INFO] [REI/]: [REI] Config loaded
[01lug2025 17:13:03.719] [modloading-worker-0/INFO] [REI/]: [REI] Registered plugin provider DefaultPluginImpl [roughlyenoughitems] for REIServerPlugin
[01lug2025 17:13:03.719] [modloading-worker-0/INFO] [REI/]: [REI] Registered plugin provider DefaultPluginImpl [roughlyenoughitems] for REIPlugin
[01lug2025 17:13:03.720] [modloading-worker-0/INFO] [REI/]: [REI] Registered plugin provider DefaultRuntimePlugin [roughlyenoughitems] for REIServerPlugin
[01lug2025 17:13:03.720] [modloading-worker-0/INFO] [REI/]: [REI] Registered plugin provider DefaultRuntimePlugin [roughlyenoughitems] for REIPlugin
[01lug2025 17:13:03.738] [modloading-worker-0/INFO] [REI/]: [REI] Registered plugin provider DefaultClientPluginImpl [roughlyenoughitems] for REIClientPlugin
[01lug2025 17:13:03.739] [modloading-worker-0/INFO] [REI/]: [REI] Registered plugin provider DefaultClientPluginImpl [roughlyenoughitems] for REIPlugin
[01lug2025 17:13:03.749] [modloading-worker-0/INFO] [REI/]: [REI] Registered plugin provider DefaultClientRuntimePlugin [roughlyenoughitems] for REIClientPlugin
[01lug2025 17:13:03.749] [modloading-worker-0/INFO] [REI/]: [REI] Registered plugin provider DefaultClientRuntimePlugin [roughlyenoughitems] for REIPlugin
[01lug2025 17:13:03.751] [modloading-worker-0/INFO] [REI/]: [REI] Registered plugin provider HideIngredientsFromTagsPlugin [roughlyenoughitems] for REIClientPlugin
[01lug2025 17:13:03.751] [modloading-worker-0/INFO] [REI/]: [REI] Registered plugin provider HideIngredientsFromTagsPlugin [roughlyenoughitems] for REIPlugin
[01lug2025 17:13:04.298] [Render thread/WARN] [mixin/]: Method overwrite conflict for getSelectionBox in immersiveores.mixins.json:LevelRendererHammerMixin from mod immersiveores, previously written by com.blocklegend001.immersiveores.mixin.LevelRendererExcavatorMixin. Skipping method.
[01lug2025 17:13:04.526] [Render thread/INFO] [net.neoforged.neoforge.gametest.GameTestHooks/]: Enabled Gametest Namespaces: []
[01lug2025 17:13:04.611] [Render thread/INFO] [net.minecraft.server.packs.resources.ReloadableResourceManager/]: Reloading ResourceManager: vanilla, mod_resources, mod/roughlyenoughitems, mod/cloth_config, mod/immersiveores, mod/architectury, mod/neoforge, mod/jei
[01lug2025 17:13:04.743] [Worker-Main-11/INFO] [net.minecraft.client.gui.font.providers.UnihexProvider/]: Found unifont_all_no_pua-15.1.05.hex, loading
[01lug2025 17:13:04.762] [Worker-Main-8/INFO] [net.minecraft.client.gui.font.providers.UnihexProvider/]: Found unifont_jp_patch-15.1.05.hex, loading
[01lug2025 17:13:05.804] [Render thread/WARN] [net.minecraft.client.sounds.SoundEngine/]: Missing sound for event: minecraft:item.goat_horn.play
[01lug2025 17:13:05.804] [Render thread/WARN] [net.minecraft.client.sounds.SoundEngine/]: Missing sound for event: minecraft:entity.goat.screaming.horn_break
[01lug2025 17:13:05.927] [Render thread/INFO] [com.mojang.blaze3d.audio.Library/]: OpenAL initialized on device OpenAL Soft on Altoparlanti (Maonocaster G1 Neo)
[01lug2025 17:13:05.927] [Render thread/INFO] [net.minecraft.client.sounds.SoundEngine/SOUNDS]: Sound engine started
[01lug2025 17:13:06.045] [Render thread/INFO] [net.minecraft.client.renderer.texture.TextureAtlas/]: Created: 1024x512x4 minecraft:textures/atlas/blocks.png-atlas
[01lug2025 17:13:06.115] [Render thread/INFO] [net.minecraft.client.renderer.texture.TextureAtlas/]: Created: 256x256x4 minecraft:textures/atlas/signs.png-atlas
[01lug2025 17:13:06.117] [Render thread/INFO] [net.minecraft.client.renderer.texture.TextureAtlas/]: Created: 512x512x4 minecraft:textures/atlas/banner_patterns.png-atlas
[01lug2025 17:13:06.121] [Render thread/INFO] [net.minecraft.client.renderer.texture.TextureAtlas/]: Created: 512x512x4 minecraft:textures/atlas/shield_patterns.png-atlas
[01lug2025 17:13:06.125] [Render thread/INFO] [net.minecraft.client.renderer.texture.TextureAtlas/]: Created: 1024x1024x4 minecraft:textures/atlas/armor_trims.png-atlas
[01lug2025 17:13:06.168] [Render thread/INFO] [net.minecraft.client.renderer.texture.TextureAtlas/]: Created: 256x256x4 minecraft:textures/atlas/chest.png-atlas
[01lug2025 17:13:06.169] [Render thread/INFO] [net.minecraft.client.renderer.texture.TextureAtlas/]: Created: 128x64x4 minecraft:textures/atlas/decorated_pot.png-atlas
[01lug2025 17:13:06.171] [Render thread/INFO] [net.minecraft.client.renderer.texture.TextureAtlas/]: Created: 512x256x4 minecraft:textures/atlas/beds.png-atlas
[01lug2025 17:13:06.173] [Render thread/INFO] [net.minecraft.client.renderer.texture.TextureAtlas/]: Created: 512x256x4 minecraft:textures/atlas/shulker_boxes.png-atlas
[01lug2025 17:13:06.321] [Render thread/INFO] [net.minecraft.client.renderer.texture.TextureAtlas/]: Created: 512x256x0 minecraft:textures/atlas/particles.png-atlas
[01lug2025 17:13:06.330] [Render thread/INFO] [net.minecraft.client.renderer.texture.TextureAtlas/]: Created: 512x256x0 minecraft:textures/atlas/paintings.png-atlas
[01lug2025 17:13:06.333] [Render thread/INFO] [net.minecraft.client.renderer.texture.TextureAtlas/]: Created: 256x128x0 minecraft:textures/atlas/mob_effects.png-atlas
[01lug2025 17:13:06.335] [Render thread/INFO] [net.minecraft.client.renderer.texture.TextureAtlas/]: Created: 64x64x0 minecraft:textures/atlas/map_decorations.png-atlas
[01lug2025 17:13:06.336] [Render thread/INFO] [net.minecraft.client.renderer.texture.TextureAtlas/]: Created: 1024x512x0 minecraft:textures/atlas/gui.png-atlas
[01lug2025 17:13:06.378] [Render thread/WARN] [net.minecraft.client.renderer.ShaderInstance/]: Shader rendertype_entity_translucent_emissive could not find sampler named Sampler2 in the specified shader program.
[01lug2025 17:13:06.449] [Render thread/INFO] [net.minecraft.client.renderer.texture.TextureAtlas/]: Created: 256x256x0 jei:textures/atlas/gui.png-atlas
[01lug2025 17:13:11.267] [Render thread/INFO] [net.minecraft.world.item.crafting.RecipeManager/]: Loaded 1365 recipes
[01lug2025 17:13:11.426] [Render thread/INFO] [net.minecraft.advancements.AdvancementTree/]: Loaded 1486 advancements
[01lug2025 17:13:11.660] [Render thread/INFO] [mezz.jei.neoforge.startup.StartEventObserver/]: JEI StartEventObserver received class net.neoforged.neoforge.event.TagsUpdatedEvent too early, ignoring
[01lug2025 17:13:11.719] [Server thread/INFO] [net.minecraft.client.server.IntegratedServer/]: Starting integrated minecraft server version 1.21
[01lug2025 17:13:11.719] [Server thread/INFO] [net.minecraft.server.MinecraftServer/]: Generating keypair
[01lug2025 17:13:12.588] [Server thread/INFO] [net.minecraft.server.MinecraftServer/]: Preparing start region for dimension minecraft:overworld
[01lug2025 17:13:12.861] [progressListener/INFO] [net.minecraft.server.level.progress.LoggerChunkProgressListener/]: Preparing spawn area: 0%
[01lug2025 17:13:13.040] [Server thread/INFO] [net.neoforged.neoforge.server.permission.PermissionAPI/]: Successfully initialized permission handler neoforge:default_handler
[01lug2025 17:13:13.045] [progressListener/INFO] [net.minecraft.server.level.progress.LoggerChunkProgressListener/]: Time elapsed: 445 ms
[01lug2025 17:13:13.096] [Server thread/INFO] [net.minecraft.client.server.IntegratedServer/]: Changing view distance to 12, from 10
[01lug2025 17:13:13.096] [Server thread/INFO] [net.minecraft.client.server.IntegratedServer/]: Changing simulation distance to 12, from 0
[01lug2025 17:13:13.715] [Render thread/INFO] [mezz.jei.neoforge.startup.StartEventObserver/]: JEI StartEventObserver received class net.neoforged.neoforge.event.TagsUpdatedEvent
[01lug2025 17:13:13.864] [Server thread/INFO] [net.minecraft.server.players.PlayerList/]: Dev[local:E:57126cbf] logged in with entity id 137 at (-106.85929190681665, 63.0, -144.4339945788195)
[01lug2025 17:13:13.925] [Server thread/INFO] [net.minecraft.server.MinecraftServer/]: Dev joined the game
[01lug2025 17:13:14.054] [Render thread/WARN] [REI/]: [REI] Found 1 existing reload task(s) after trying to terminate them!
[01lug2025 17:13:14.054] [Render thread/INFO] [mezz.jei.neoforge.startup.StartEventObserver/]: JEI StartEventObserver received class net.neoforged.neoforge.client.event.RecipesUpdatedEvent
[01lug2025 17:13:14.054] [Render thread/INFO] [mezz.jei.neoforge.startup.StartEventObserver/]: JEI StartEventObserver transitioning state from LISTENING to JEI_STARTED
[01lug2025 17:13:14.055] [Render thread/INFO] [mezz.jei.core.util.LoggedTimer/]: Starting JEI...
[01lug2025 17:13:14.071] [Render thread/INFO] [mezz.jei.library.load.PluginCaller/]: Registering item subtypes...
[01lug2025 17:13:14.083] [Render thread/INFO] [mezz.jei.library.load.PluginCallerTimerRunnable/]: Registering item subtypes: jei:minecraft took 11.31 milliseconds
[01lug2025 17:13:14.083] [Render thread/INFO] [mezz.jei.library.load.PluginCaller/]: Registering item subtypes took 12.56 ms
[01lug2025 17:13:14.084] [Render thread/INFO] [mezz.jei.library.load.PluginCaller/]: Registering fluid subtypes...
[01lug2025 17:13:14.088] [Render thread/INFO] [mezz.jei.library.load.PluginCaller/]: Registering fluid subtypes took 3.591 ms
[01lug2025 17:13:14.091] [Render thread/INFO] [mezz.jei.library.load.PluginCaller/]: Registering ingredients...
[01lug2025 17:13:14.115] [REI-ReloadPlugins/INFO] [REI/]: [REI] ~~~~~~~~~~~~~~~~~~~~~~~~~~~~~~~~~~~~~~~~
[01lug2025 17:13:14.116] [REI-ReloadPlugins/INFO] [REI/]: [REI] REIPlugin starting main-reload for START.
[01lug2025 17:13:14.116] [REI-ReloadPlugins/INFO] [REI/]: [REI] Plugins (5):
[01lug2025 17:13:14.117] [REI-ReloadPlugins/INFO] [REI/]: [REI]  - (-100,00) DefaultClientPluginImpl of DefaultClientPluginImpl [roughlyenoughitems]
[01lug2025 17:13:14.117] [REI-ReloadPlugins/INFO] [REI/]: [REI]  - (-100,00) DefaultPluginImpl of DefaultPluginImpl [roughlyenoughitems]
[01lug2025 17:13:14.117] [REI-ReloadPlugins/INFO] [REI/]: [REI]  - (0,00) HideIngredientsFromTagsPlugin of HideIngredientsFromTagsPlugin [roughlyenoughitems]
[01lug2025 17:13:14.117] [REI-ReloadPlugins/INFO] [REI/]: [REI]  - (0,00) DefaultClientRuntimePlugin of DefaultClientRuntimePlugin [roughlyenoughitems]
[01lug2025 17:13:14.117] [REI-ReloadPlugins/INFO] [REI/]: [REI]  - (0,00) DefaultRuntimePlugin of DefaultRuntimePlugin [roughlyenoughitems]
[01lug2025 17:13:14.117] [REI-ReloadPlugins/INFO] [REI/]: [REI] ~~~~~~~~~~~~~~~~~~~~~~~~~~~~~~~~~~~~~~~~
[01lug2025 17:13:14.175] [REI-ReloadPlugins/INFO] [REI/]: [REI] ########################################
[01lug2025 17:13:14.175] [REI-ReloadPlugins/INFO] [REI/]: [REI] REIClientPlugin starting main-reload for START.
[01lug2025 17:13:14.176] [REI-ReloadPlugins/INFO] [REI/]: [REI] Plugins (3):
[01lug2025 17:13:14.176] [REI-ReloadPlugins/INFO] [REI/]: [REI]  - (-100,00) DefaultClientPluginImpl of DefaultClientPluginImpl [roughlyenoughitems]
[01lug2025 17:13:14.176] [REI-ReloadPlugins/INFO] [REI/]: [REI]  - (0,00) HideIngredientsFromTagsPlugin of HideIngredientsFromTagsPlugin [roughlyenoughitems]
[01lug2025 17:13:14.176] [REI-ReloadPlugins/INFO] [REI/]: [REI]  - (0,00) DefaultClientRuntimePlugin of DefaultClientRuntimePlugin [roughlyenoughitems]
[01lug2025 17:13:14.176] [REI-ReloadPlugins/INFO] [REI/]: [REI] ########################################
[01lug2025 17:13:14.196] [Render thread/WARN] [mezz.jei.library.plugins.vanilla.ingredients.ItemStackListFactory/]: Item Group has no display items and no search tab display items. Items from this group will be missing from the JEI ingredient list. Operator Utilities
[01lug2025 17:13:14.239] [Render thread/INFO] [mezz.jei.library.load.PluginCallerTimerRunnable/]: Registering ingredients: jei:minecraft took 146.9 milliseconds
[01lug2025 17:13:14.239] [Render thread/INFO] [mezz.jei.library.load.PluginCaller/]: Registering ingredients took 147.8 ms
[01lug2025 17:13:14.254] [Render thread/INFO] [mezz.jei.library.load.PluginCaller/]: Registering Mod Info...
[01lug2025 17:13:14.255] [Render thread/INFO] [mezz.jei.library.load.PluginCaller/]: Registering Mod Info took 570.8 μs
[01lug2025 17:13:14.288] [Render thread/INFO] [mezz.jei.library.load.PluginCaller/]: Registering categories...
[01lug2025 17:13:14.347] [Render thread/INFO] [mezz.jei.library.load.PluginCallerTimerRunnable/]: Registering categories: jei:minecraft took 57.96 milliseconds
[01lug2025 17:13:14.369] [Render thread/INFO] [mezz.jei.library.load.PluginCallerTimerRunnable/]: Registering categories: jei:internal took 21.69 milliseconds
[01lug2025 17:13:14.369] [Render thread/INFO] [mezz.jei.library.load.PluginCaller/]: Registering categories took 80.38 ms
[01lug2025 17:13:14.372] [Render thread/INFO] [mezz.jei.library.load.PluginCaller/]: Registering vanilla category extensions...
[01lug2025 17:13:14.384] [Render thread/INFO] [mezz.jei.library.load.PluginCallerTimerRunnable/]: Registering vanilla category extensions: jei:minecraft took 11.75 milliseconds
[01lug2025 17:13:14.385] [Render thread/INFO] [mezz.jei.library.load.PluginCaller/]: Registering vanilla category extensions took 12.91 ms
[01lug2025 17:13:14.389] [Render thread/INFO] [mezz.jei.library.load.PluginCaller/]: Registering recipe catalysts...
[01lug2025 17:13:14.390] [Render thread/INFO] [mezz.jei.library.load.PluginCaller/]: Registering recipe catalysts took 1.195 ms
[01lug2025 17:13:14.392] [Render thread/INFO] [mezz.jei.library.load.PluginCaller/]: Registering advanced plugins...
[01lug2025 17:13:14.393] [Render thread/INFO] [mezz.jei.library.load.PluginCaller/]: Registering advanced plugins took 614.3 μs
[01lug2025 17:13:14.393] [Render thread/INFO] [mezz.jei.core.util.LoggedTimer/]: Building recipe registry...
[01lug2025 17:13:14.415] [Render thread/INFO] [mezz.jei.core.util.LoggedTimer/]: Building recipe registry took 21.35 ms
[01lug2025 17:13:14.422] [Render thread/INFO] [mezz.jei.library.load.PluginCaller/]: Registering recipes...
[01lug2025 17:13:14.555] [REI-ReloadPlugins/INFO] [REI/]: [REI] ~~~~~~~~~~~~~~~~~~~~~~~~~~~~~~~~~~~~~~~~
[01lug2025 17:13:14.555] [REI-ReloadPlugins/INFO] [REI/]: [REI] REIServerPlugin starting main-reload for START.
[01lug2025 17:13:14.555] [REI-ReloadPlugins/INFO] [REI/]: [REI] Plugins (2):
[01lug2025 17:13:14.555] [REI-ReloadPlugins/INFO] [REI/]: [REI]  - (-100,00) DefaultPluginImpl of DefaultPluginImpl [roughlyenoughitems]
[01lug2025 17:13:14.555] [REI-ReloadPlugins/INFO] [REI/]: [REI]  - (0,00) DefaultRuntimePlugin of DefaultRuntimePlugin [roughlyenoughitems]
[01lug2025 17:13:14.555] [REI-ReloadPlugins/INFO] [REI/]: [REI] ~~~~~~~~~~~~~~~~~~~~~~~~~~~~~~~~~~~~~~~~
[01lug2025 17:13:14.562] [REI-ReloadPlugins/INFO] [REI/]: [REI] REIPlugin finished post-reload for START in 3.134 ms, totaling 133.3 ms.
[01lug2025 17:13:14.564] [REI-ReloadPlugins/INFO] [REI/]: [REI] REIClientPlugin finished post-reload for START in 1.050 ms, totaling 381.9 ms.
[01lug2025 17:13:14.565] [REI-ReloadPlugins/INFO] [REI/]: [REI] REIServerPlugin finished post-reload for START in 769.5 μs, totaling 2.850 ms.
[01lug2025 17:13:14.571] [REI-ReloadPlugins/INFO] [REI/]: [REI] ~~~~~~~~~~~~~~~~~~~~~~~~~~~~~~~~~~~~~~~~
[01lug2025 17:13:14.571] [REI-ReloadPlugins/INFO] [REI/]: [REI] REIPlugin starting main-reload for END.
[01lug2025 17:13:14.571] [REI-ReloadPlugins/INFO] [REI/]: [REI] Plugins (5):
[01lug2025 17:13:14.571] [REI-ReloadPlugins/INFO] [REI/]: [REI]  - (-100,00) DefaultClientPluginImpl of DefaultClientPluginImpl [roughlyenoughitems]
[01lug2025 17:13:14.571] [REI-ReloadPlugins/INFO] [REI/]: [REI]  - (-100,00) DefaultPluginImpl of DefaultPluginImpl [roughlyenoughitems]
[01lug2025 17:13:14.571] [REI-ReloadPlugins/INFO] [REI/]: [REI]  - (0,00) HideIngredientsFromTagsPlugin of HideIngredientsFromTagsPlugin [roughlyenoughitems]
[01lug2025 17:13:14.571] [REI-ReloadPlugins/INFO] [REI/]: [REI]  - (0,00) DefaultClientRuntimePlugin of DefaultClientRuntimePlugin [roughlyenoughitems]
[01lug2025 17:13:14.571] [REI-ReloadPlugins/INFO] [REI/]: [REI]  - (0,00) DefaultRuntimePlugin of DefaultRuntimePlugin [roughlyenoughitems]
[01lug2025 17:13:14.571] [REI-ReloadPlugins/INFO] [REI/]: [REI] ~~~~~~~~~~~~~~~~~~~~~~~~~~~~~~~~~~~~~~~~
[01lug2025 17:13:14.635] [Render thread/INFO] [mezz.jei.library.load.PluginCallerTimerRunnable/]: Registering recipes: jei:minecraft took 213.0 milliseconds
[01lug2025 17:13:14.646] [REI-ReloadPlugins/INFO] [REI/]: [REI] ########################################
[01lug2025 17:13:14.647] [REI-ReloadPlugins/INFO] [REI/]: [REI] REIClientPlugin starting main-reload for END.
[01lug2025 17:13:14.647] [REI-ReloadPlugins/INFO] [REI/]: [REI] Plugins (3):
[01lug2025 17:13:14.647] [REI-ReloadPlugins/INFO] [REI/]: [REI]  - (-100,00) DefaultClientPluginImpl of DefaultClientPluginImpl [roughlyenoughitems]
[01lug2025 17:13:14.647] [REI-ReloadPlugins/INFO] [REI/]: [REI]  - (0,00) HideIngredientsFromTagsPlugin of HideIngredientsFromTagsPlugin [roughlyenoughitems]
[01lug2025 17:13:14.647] [REI-ReloadPlugins/INFO] [REI/]: [REI]  - (0,00) DefaultClientRuntimePlugin of DefaultClientRuntimePlugin [roughlyenoughitems]
[01lug2025 17:13:14.647] [REI-ReloadPlugins/INFO] [REI/]: [REI] ########################################
[01lug2025 17:13:14.669] [Render thread/INFO] [mezz.jei.library.load.PluginCallerTimerRunnable/]: Registering recipes: jei:internal took 33.30 milliseconds
[01lug2025 17:13:14.669] [Render thread/INFO] [mezz.jei.library.load.PluginCaller/]: Registering recipes took 247.3 ms
[01lug2025 17:13:14.683] [Render thread/INFO] [mezz.jei.library.load.PluginCaller/]: Registering recipes transfer handlers...
[01lug2025 17:13:14.689] [Render thread/INFO] [mezz.jei.library.load.PluginCaller/]: Registering recipes transfer handlers took 5.699 ms
[01lug2025 17:13:14.703] [Render thread/INFO] [mezz.jei.core.util.LoggedTimer/]: Building runtime...
[01lug2025 17:13:14.717] [Render thread/INFO] [mezz.jei.library.load.PluginCaller/]: Registering gui handlers...
[01lug2025 17:13:14.735] [Render thread/INFO] [mezz.jei.library.load.PluginCaller/]: Registering gui handlers took 17.29 ms
[01lug2025 17:13:14.746] [Render thread/INFO] [mezz.jei.library.load.PluginCaller/]: Registering Runtime...
[01lug2025 17:13:14.749] [Render thread/INFO] [mezz.jei.gui.startup.JeiGuiStarter/]: Starting JEI GUI
[01lug2025 17:13:14.750] [Render thread/INFO] [mezz.jei.core.util.LoggedTimer/]: Building ingredient list...
[01lug2025 17:13:14.755] [Render thread/INFO] [mezz.jei.core.util.LoggedTimer/]: Building ingredient list took 5.151 ms
[01lug2025 17:13:14.755] [Render thread/INFO] [mezz.jei.core.util.LoggedTimer/]: Building ingredient filter...
[01lug2025 17:13:14.818] [Render thread/INFO] [mezz.jei.gui.ingredients.IngredientFilter/]: Adding 1751 ingredients
[01lug2025 17:13:15.037] [Render thread/INFO] [mezz.jei.gui.ingredients.IngredientFilter/]: Added 1751/1751 ingredients
[01lug2025 17:13:15.039] [Render thread/INFO] [mezz.jei.core.util.LoggedTimer/]: Building ingredient filter took 284.6 ms
[01lug2025 17:13:15.238] [Render thread/INFO] [mezz.jei.library.load.PluginCallerTimerRunnable/]: Registering Runtime: jei:neoforge_gui took 491.7 milliseconds
[01lug2025 17:13:15.239] [Render thread/INFO] [mezz.jei.library.load.PluginCaller/]: Registering Runtime took 492.9 ms
[01lug2025 17:13:15.246] [Render thread/INFO] [mezz.jei.core.util.LoggedTimer/]: Building runtime took 542.7 ms
[01lug2025 17:13:15.246] [Render thread/INFO] [mezz.jei.library.load.PluginCaller/]: Sending Runtime...
[01lug2025 17:13:15.247] [Render thread/INFO] [mezz.jei.library.load.PluginCaller/]: Sending Runtime took 551.1 μs
[01lug2025 17:13:15.247] [Render thread/INFO] [mezz.jei.core.util.LoggedTimer/]: Starting JEI took 1.191 s
[01lug2025 17:13:15.271] [Render thread/INFO] [net.minecraft.advancements.AdvancementTree/]: Loaded 69 advancements
[01lug2025 17:13:15.414] [REI-ReloadPlugins/INFO] [REI/]: [REI] OOOOOOOOOOOOOOOOOOOOOOOOOOOOOOOOOOOOOOOO
[01lug2025 17:13:15.414] [REI-ReloadPlugins/INFO] [REI/]: [REI] REIServerPlugin starting main-reload for END.
[01lug2025 17:13:15.414] [REI-ReloadPlugins/INFO] [REI/]: [REI] Plugins (2):
[01lug2025 17:13:15.414] [REI-ReloadPlugins/INFO] [REI/]: [REI]  - (-100,00) DefaultPluginImpl of DefaultPluginImpl [roughlyenoughitems]
[01lug2025 17:13:15.414] [REI-ReloadPlugins/INFO] [REI/]: [REI]  - (0,00) DefaultRuntimePlugin of DefaultRuntimePlugin [roughlyenoughitems]
[01lug2025 17:13:15.414] [REI-ReloadPlugins/INFO] [REI/]: [REI] OOOOOOOOOOOOOOOOOOOOOOOOOOOOOOOOOOOOOOOO
[01lug2025 17:13:15.431] [REI-ReloadPlugins/INFO] [REI/]: [REI] REIPlugin finished post-reload for END in 7.362 ms, totaling 83.88 ms.
[01lug2025 17:13:15.435] [REI-ReloadPlugins/INFO] [REI/]: [REI] REIClientPlugin finished post-reload for END in 3.551 ms, totaling 772.7 ms.
[01lug2025 17:13:15.436] [REI-ReloadPlugins/INFO] [REI/]: [REI] REIServerPlugin finished post-reload for END in 188.3 μs, totaling 8.362 ms.
[01lug2025 17:13:15.822] [Server thread/INFO] [net.minecraft.client.server.IntegratedServer/]: Saving and pausing game...
[01lug2025 17:13:15.875] [Server thread/INFO] [net.minecraft.server.MinecraftServer/]: Saving chunks for level 'ServerLevel[New World]'/minecraft:overworld
[01lug2025 17:13:15.921] [Server thread/INFO] [net.minecraft.server.MinecraftServer/]: Saving chunks for level 'ServerLevel[New World]'/minecraft:the_end
[01lug2025 17:13:15.930] [Server thread/INFO] [net.minecraft.server.MinecraftServer/]: Saving chunks for level 'ServerLevel[New World]'/minecraft:the_nether
[01lug2025 17:13:20.411] [Server thread/INFO] [net.minecraft.server.MinecraftServer/]: [Dev: Set own game mode to Survival Mode]
[01lug2025 17:13:20.416] [Render thread/INFO] [net.minecraft.client.gui.components.ChatComponent/]: [System] [CHAT] Set own game mode to Survival Mode
