[15:08:16] [main/INFO]: ModLauncher running: args [--mod, immersiveores, --all, --output, D:\Programmazione\Mod\Immersive Ores\NEOFORGE\1.21.4\src\generated\resources, --existing, D:\Programmazione\Mod\Immersive Ores\NEOFORGE\1.21.4\src\main\resources, --launchTarget, neoforgeclientdatadev, --assetIndex, asset-index, --assetsDir, C:\Users\rosar\.gradle\caches\minecraft\assets, --gameDir, ., --fml.fmlVersion, 6.0.11, --fml.mcVersion, 1.21.4, --fml.neoForgeVersion, 21.4.133, --fml.neoFormVersion, 20241203.161809]
[15:08:16] [main/INFO]: JVM identified as Amazon.com Inc. OpenJDK 64-Bit Server VM 21.0.6+7-LTS
[15:08:16] [main/INFO]: ModLauncher 11.0.4+main.d2e20e43 starting: java version 21.0.6 by Amazon.com Inc.; OS Windows 11 arch amd64 version 10.0
[15:08:16] [main/INFO]: ImmediateWindowProvider not loading because launch target is neoforgeclientdatadev
[15:08:16] [main/INFO]: SpongePowered MIXIN Subsystem Version=0.8.7 Source=union:/C:/Users/rosar/.gradle/caches/modules-2/files-2.1/net.fabricmc/sponge-mixin/0.15.2+mixin.0.8.7/2af2f021d8e02a0220dc27a7a72b4666d66d44ca/sponge-mixin-0.15.2+mixin.0.8.7.jar%23166!/ Service=ModLauncher Env=CLIENT
[15:08:16] [main/INFO]: Found mod file "neoforge-21.4.133.jar" [locator: neoforge devenv provider ([D:\Programmazione\Mod\Immersive Ores\NEOFORGE\1.21.4\.gradle\repositories\ng_dummy_ng\net\neoforged\neoforge\21.4.133\neoforge-21.4.133.jar])]
[15:08:16] [main/INFO]: Found mod file "neoforge-21.4.133.jar" [locator: neoforge devenv provider ([D:\Programmazione\Mod\Immersive Ores\NEOFORGE\1.21.4\.gradle\repositories\ng_dummy_ng\net\neoforged\neoforge\21.4.133\neoforge-21.4.133.jar])]
[15:08:16] [main/INFO]: Found mod file "main" [locator: userdev mods and services, reader: mod manifest]
[15:08:16] [main/INFO]: Found mod file "neoforge-21.4.133.jar" [locator: userdev mods and services, reader: mod manifest]
[15:08:16] [main/INFO]: Found mod file "RoughlyEnoughItems-neoforge-18.0.804.jar" [locator: userdev mods and services, reader: mod manifest]
[15:08:16] [main/INFO]: Found mod file "jade-17.3.0+neoforge.jar" [locator: userdev mods and services, reader: mod manifest]
[15:08:16] [main/INFO]: Found mod file "cloth-config-neoforge-17.0.144-neoforge.jar" [locator: userdev mods and services, reader: mod manifest]
[15:08:16] [main/INFO]: Found mod file "architectury-neoforge-15.0.2.jar" [locator: userdev mods and services, reader: mod manifest]
[15:08:16] [main/INFO]: Found gamelibrary file "mixinextras-neoforge-0.4.1.jar" [locator: userdev mods and services, reader: mod manifest]
[15:08:16] [main/WARN]: Attempted to select a dependency jar for JarJar which was passed in as source: library:mixinextras.neoforge. Using Mod File: C:\Users\rosar\.gradle\caches\modules-2\files-2.1\io.github.llamalad7\mixinextras-neoforge\0.4.1\eff97772ecd0dcf8e52cdbafd3b3ccec425f8314\mixinextras-neoforge-0.4.1.jar
[15:08:16] [main/INFO]: Found 1 dependencies adding them to mods collection
[15:08:16] [main/INFO]: Found library file "net.neoforged.neoforge-coremods-21.4.133.jar" [parent: neoforge-21.4.133.jar, locator: jarinjar, reader: mod manifest]
[15:08:16] [main/INFO]: 
     Mod List:
		Name Version (Mod Id)

		Architectury 15.0.2 (architectury)
		Cloth Config v17 API 17.0.144 (cloth_config)
		ImmersiveOres 1.21.4-1.1.4 (immersiveores)
		Jade 17.3.0+neoforge (jade)
		Minecraft 1.21.4 (minecraft)
		NeoForge 21.4.133 (neoforge)
		Roughly Enough Items (REI) 18.0.804 (roughlyenoughitems)
[15:08:17] [main/INFO]: Compatibility level set to JAVA_17
[15:08:17] [main/INFO]: Compatibility level set to JAVA_21
[15:08:17] [main/INFO]: Launching target 'neoforgeclientdatadev' with arguments [--gameDir, ., --assetsDir, C:\Users\rosar\.gradle\caches\minecraft\assets, --mod, immersiveores, --all, --output, D:\Programmazione\Mod\Immersive Ores\NEOFORGE\1.21.4\src\generated\resources, --existing, D:\Programmazione\Mod\Immersive Ores\NEOFORGE\1.21.4\src\main\resources, --assetIndex, asset-index]
[15:08:17] [main/WARN]: Reference map 'immersiveores.refmap.json' for immersiveores.mixins.json could not be read. If this is a development environment you can ignore this message
[15:08:17] [main/WARN]: Reference map 'jade.refmap.json' for jade.mixins.json could not be read. If this is a development environment you can ignore this message
[16set2025 15:08:18.522] [main/INFO] [MixinExtras|Service/]: Initializing MixinExtras via com.llamalad7.mixinextras.service.MixinExtrasServiceImpl(version=0.4.1).
[16set2025 15:08:23.638] [main/INFO] [net.neoforged.neoforge.data.loading.DatagenModLoader/]: Initializing Data Gatherer for mods [immersiveores]
[16set2025 15:08:23.699] [modloading-worker-0/INFO] [net.neoforged.neoforge.common.NeoForgeMod/NEOFORGE-MOD]: NeoForge mod loading, version 21.4.133, for MC 1.21.4
[16set2025 15:08:24.173] [main/WARN] [net.minecraft.server.packs.VanillaPackResourcesBuilder/]: Assets URL 'union:/D:/Programmazione/Mod/Immersive%20Ores/NEOFORGE/1.21.4/.gradle/repositories/ng_dummy_ng/net/neoforged/neoforge/21.4.133/neoforge-21.4.133.jar%23221!/assets/.mcassetsroot' uses unexpected schema
[16set2025 15:08:24.173] [main/WARN] [net.minecraft.server.packs.VanillaPackResourcesBuilder/]: Assets URL 'union:/D:/Programmazione/Mod/Immersive%20Ores/NEOFORGE/1.21.4/.gradle/repositories/ng_dummy_ng/net/neoforged/neoforge/21.4.133/neoforge-21.4.133.jar%23221!/data/.mcassetsroot' uses unexpected schema
[16set2025 15:08:24.647] [main/INFO] [net.minecraft.data.DataGenerator/]: Starting provider: Recipes
[16set2025 15:08:24.705] [main/INFO] [net.minecraft.data.DataGenerator/]: Recipes finished after 56 ms
[16set2025 15:08:24.705] [main/INFO] [net.minecraft.data.DataGenerator/]: Starting provider: Model Definitions - immersiveores
[16set2025 15:08:24.799] [main/INFO] [net.minecraft.data.DataGenerator/]: Model Definitions - immersiveores finished after 93 ms
[16set2025 15:08:24.799] [main/INFO] [net.minecraft.data.DataGenerator/]: Starting provider: Loot Tables
[16set2025 15:08:24.813] [main/INFO] [net.minecraft.data.DataGenerator/]: Loot Tables finished after 14 ms
[16set2025 15:08:24.814] [main/INFO] [net.minecraft.data.DataGenerator/]: Starting provider: Tags for minecraft:block mod id immersiveores
[16set2025 15:08:24.818] [main/INFO] [net.minecraft.data.DataGenerator/]: Tags for minecraft:block mod id immersiveores finished after 5 ms
[16set2025 15:08:24.820] [main/INFO] [net.minecraft.data.DataGenerator/]: Starting provider: Tags for minecraft:item mod id immersiveores
[16set2025 15:08:24.824] [main/INFO] [net.minecraft.data.DataGenerator/]: Tags for minecraft:item mod id immersiveores finished after 4 ms
[16set2025 15:08:24.824] [main/INFO] [net.minecraft.data.DataGenerator/]: Starting provider: Registries
[16set2025 15:08:24.830] [main/INFO] [net.minecraft.data.DataGenerator/]: Registries finished after 6 ms
[16set2025 15:08:24.830] [main/INFO] [net.minecraft.data.DataGenerator/]: Starting provider: Advancements
[16set2025 15:08:24.856] [main/INFO] [net.minecraft.data.DataGenerator/]: Advancements finished after 24 ms
[16set2025 15:08:24.856] [main/INFO] [net.minecraft.data.DataGenerator/]: Starting provider: Equipment Asset Definitions
[16set2025 15:08:24.863] [main/INFO] [net.minecraft.data.DataGenerator/]: Equipment Asset Definitions finished after 7 ms
[16set2025 15:08:24.863] [main/INFO] [net.minecraft.data.DataGenerator/]: All providers took: 216 ms
[16set2025 15:08:24.876] [main/INFO] [net.minecraft.data.HashCache/]: Caching: total files: 589, old count: 587, new count: 590, removed stale: 0, written: 4
