[13:24:32] [main/INFO]: ModLauncher running: args [--mod, immersiveores, --all, --output, D:\Programmazione\Mod\Immersive Ores\NEOFORGE\1.21.3\src\generated\resources, --existing, D:\Programmazione\Mod\Immersive Ores\NEOFORGE\1.21.3\src\main\resources, --launchTarget, forgedatadev, --assetIndex, asset-index, --assetsDir, C:\Users\rosar\.gradle\caches\minecraft\assets, --gameDir, ., --fml.fmlVersion, 5.0.6, --fml.mcVersion, 1.21.3, --fml.neoForgeVersion, 21.3.74, --fml.neoFormVersion, 20241023.131943]
[13:24:32] [main/INFO]: JVM identified as Amazon.com Inc. OpenJDK 64-Bit Server VM 21.0.11+10-LTS
[13:24:32] [main/INFO]: ModLauncher 11.0.4+main.d2e20e43 starting: java version 21.0.11 by Amazon.com Inc.; OS Windows 11 arch amd64 version 10.0
[13:24:32] [main/INFO]: ImmediateWindowProvider not loading because launch target is forgedatadev
[13:24:32] [main/INFO]: SpongePowered MIXIN Subsystem Version=0.8.7 Source=union:/C:/Users/rosar/.gradle/caches/modules-2/files-2.1/net.fabricmc/sponge-mixin/0.15.2+mixin.0.8.7/2af2f021d8e02a0220dc27a7a72b4666d66d44ca/sponge-mixin-0.15.2+mixin.0.8.7.jar%23166!/ Service=ModLauncher Env=CLIENT
[13:24:32] [main/INFO]: Found mod file "neoforge-21.3.74.jar" [locator: neoforge devenv provider ([D:\Programmazione\Mod\Immersive Ores\NEOFORGE\1.21.3\.gradle\repositories\ng_dummy_ng\net\neoforged\neoforge\21.3.74\neoforge-21.3.74.jar])]
[13:24:32] [main/INFO]: Found mod file "neoforge-21.3.74.jar" [locator: neoforge devenv provider ([D:\Programmazione\Mod\Immersive Ores\NEOFORGE\1.21.3\.gradle\repositories\ng_dummy_ng\net\neoforged\neoforge\21.3.74\neoforge-21.3.74.jar])]
[13:24:32] [main/INFO]: Found mod file "main" [locator: userdev mods and services, reader: mod manifest]
[13:24:32] [main/INFO]: Found mod file "neoforge-21.3.74.jar" [locator: userdev mods and services, reader: mod manifest]
[13:24:33] [main/INFO]: Found mod file "jade-16.0.4+neoforge.jar" [locator: userdev mods and services, reader: mod manifest]
[13:24:33] [main/INFO]: Found mod file "RoughlyEnoughItems-neoforge-17.0.803.jar" [locator: userdev mods and services, reader: mod manifest]
[13:24:33] [main/INFO]: Found mod file "cloth-config-neoforge-16.0.141-neoforge.jar" [locator: userdev mods and services, reader: mod manifest]
[13:24:33] [main/INFO]: Found mod file "architectury-neoforge-14.0.3.jar" [locator: userdev mods and services, reader: mod manifest]
[13:24:33] [main/INFO]: Found gamelibrary file "mixinextras-neoforge-0.4.1.jar" [locator: userdev mods and services, reader: mod manifest]
[13:24:33] [main/WARN]: Attempted to select a dependency jar for JarJar which was passed in as source: library:mixinextras.neoforge. Using Mod File: C:\Users\rosar\.gradle\caches\modules-2\files-2.1\io.github.llamalad7\mixinextras-neoforge\0.4.1\eff97772ecd0dcf8e52cdbafd3b3ccec425f8314\mixinextras-neoforge-0.4.1.jar
[13:24:33] [main/INFO]: Found 1 dependencies adding them to mods collection
[13:24:33] [main/INFO]: Found library file "net.neoforged.neoforge-coremods-21.3.74.jar" [parent: neoforge-21.3.74.jar, locator: jarinjar, reader: mod manifest]
[13:24:33] [main/INFO]: 
     Mod List:
		Name Version (Mod Id)

		Architectury 14.0.3 (architectury)
		Cloth Config v16 API 16.0.141 (cloth_config)
		ImmersiveOres 1.21.3-1.1.8 (immersiveores)
		Jade 16.0.4+neoforge (jade)
		Minecraft 1.21.3 (minecraft)
		NeoForge 21.3.74 (neoforge)
		Roughly Enough Items (REI) 17.0.803 (roughlyenoughitems)
[13:24:38] [main/INFO]: Compatibility level set to JAVA_17
[13:24:38] [main/INFO]: Compatibility level set to JAVA_21
[13:24:38] [main/INFO]: Launching target 'forgedatadev' with arguments [--gameDir, ., --assetsDir, C:\Users\rosar\.gradle\caches\minecraft\assets, --mod, immersiveores, --all, --output, D:\Programmazione\Mod\Immersive Ores\NEOFORGE\1.21.3\src\generated\resources, --existing, D:\Programmazione\Mod\Immersive Ores\NEOFORGE\1.21.3\src\main\resources, --assetIndex, asset-index]
[13:24:39] [main/WARN]: Reference map 'immersiveores.refmap.json' for immersiveores.mixins.json could not be read. If this is a development environment you can ignore this message
[13:24:39] [main/WARN]: Reference map 'jade.refmap.json' for jade.mixins.json could not be read. If this is a development environment you can ignore this message
[18lug2026 13:24:47.198] [main/INFO] [net.neoforged.neoforge.data.loading.DatagenModLoader/]: Initializing Data Gatherer for mods [immersiveores]
[18lug2026 13:24:47.594] [main/INFO] [MixinExtras|Service/]: Initializing MixinExtras via com.llamalad7.mixinextras.service.MixinExtrasServiceImpl(version=0.4.1).
[18lug2026 13:25:10.552] [modloading-worker-0/INFO] [net.neoforged.neoforge.common.NeoForgeMod/NEOFORGE-MOD]: NeoForge mod loading, version 21.3.74, for MC 1.21.3
[18lug2026 13:25:12.519] [main/WARN] [net.minecraft.server.packs.VanillaPackResourcesBuilder/]: Assets URL 'union:/D:/Programmazione/Mod/Immersive%20Ores/NEOFORGE/1.21.3/.gradle/repositories/ng_dummy_ng/net/neoforged/neoforge/21.3.74/neoforge-21.3.74.jar%23221!/assets/.mcassetsroot' uses unexpected schema
[18lug2026 13:25:12.519] [main/WARN] [net.minecraft.server.packs.VanillaPackResourcesBuilder/]: Assets URL 'union:/D:/Programmazione/Mod/Immersive%20Ores/NEOFORGE/1.21.3/.gradle/repositories/ng_dummy_ng/net/neoforged/neoforge/21.3.74/neoforge-21.3.74.jar%23221!/data/.mcassetsroot' uses unexpected schema
[18lug2026 13:25:13.630] [main/INFO] [net.minecraft.data.DataGenerator/]: Starting provider: Recipes
[18lug2026 13:25:13.954] [main/INFO] [net.minecraft.data.DataGenerator/]: Recipes finished after 315 ms
[18lug2026 13:25:13.955] [main/INFO] [net.minecraft.data.DataGenerator/]: Starting provider: Block States: immersiveores
[18lug2026 13:25:14.290] [main/INFO] [net.minecraft.data.DataGenerator/]: Block States: immersiveores finished after 335 ms
[18lug2026 13:25:14.291] [main/INFO] [net.minecraft.data.DataGenerator/]: Starting provider: Item Models: immersiveores
[18lug2026 13:25:14.457] [main/INFO] [net.minecraft.data.DataGenerator/]: Item Models: immersiveores finished after 165 ms
[18lug2026 13:25:14.458] [main/INFO] [net.minecraft.data.DataGenerator/]: Starting provider: Loot Tables
[18lug2026 13:25:14.809] [main/INFO] [net.minecraft.data.DataGenerator/]: Loot Tables finished after 351 ms
[18lug2026 13:25:14.810] [main/INFO] [net.minecraft.data.DataGenerator/]: Starting provider: Tags for minecraft:block mod id immersiveores
[18lug2026 13:25:14.858] [main/INFO] [net.minecraft.data.DataGenerator/]: Tags for minecraft:block mod id immersiveores finished after 48 ms
[18lug2026 13:25:14.858] [main/INFO] [net.minecraft.data.DataGenerator/]: Starting provider: Tags for minecraft:item mod id immersiveores
[18lug2026 13:25:14.886] [main/INFO] [net.minecraft.data.DataGenerator/]: Tags for minecraft:item mod id immersiveores finished after 26 ms
[18lug2026 13:25:14.886] [main/INFO] [net.minecraft.data.DataGenerator/]: Starting provider: Registries
[18lug2026 13:25:14.933] [main/INFO] [net.minecraft.data.DataGenerator/]: Registries finished after 46 ms
[18lug2026 13:25:14.934] [main/INFO] [net.minecraft.data.DataGenerator/]: Starting provider: Advancements
[18lug2026 13:25:16.360] [main/INFO] [net.minecraft.data.DataGenerator/]: Advancements finished after 1426 ms
[18lug2026 13:25:16.361] [main/INFO] [net.minecraft.data.DataGenerator/]: All providers took: 2731 ms
[18lug2026 13:25:16.700] [main/INFO] [net.minecraft.data.HashCache/]: Caching: total files: 475, old count: 475, new count: 476, removed stale: 0, written: 1
