[05ott2026 16:56:19.758] [main/INFO] [net.neoforged.fml.startup.Entrypoint/]: JVM Uptime at startup: 137ms
[05ott2026 16:56:19.775] [main/INFO] [net.neoforged.fml.loading.FMLLoader/]: Starting FancyModLoader version 12.0.8 (CLIENT in DEV)
[05ott2026 16:56:19.776] [main/INFO] [net.neoforged.fml.loading.FMLLoader/]: Game directory: D:\Programmazione\Mod\Immersive Ores\NEOFORGE\26.3\run\client
[05ott2026 16:56:19.834] [main/INFO] [net.neoforged.fml.loading.EarlyServiceDiscovery/]: Found 2 early service jars (out of 107) in 24ms
[05ott2026 16:56:19.834] [main/INFO] [net.neoforged.fml.loading.FMLLoader/]: Loading FML Early Services:
[05ott2026 16:56:19.835] [main/INFO] [net.neoforged.fml.loading.FMLLoader/]:  - C:/Users/rosar/.gradle/caches/modules-2/files-2.1/net.neoforged.fancymodloader/earlydisplay/12.0.8/efc16b2939a51b13aaeb500eff4caa82f2ac9d08/earlydisplay-12.0.8.jar
[05ott2026 16:56:19.836] [main/INFO] [net.neoforged.fml.loading.FMLLoader/]:  - C:/Users/rosar/.gradle/caches/modules-2/files-2.1/net.neoforged.fancymodloader/loader/12.0.8/176019d74cae7a468f2069ffc3c924f6a6f70a63/loader-12.0.8.jar
[05ott2026 16:56:19.841] [main/INFO] [net.neoforged.fml.loading.ImmediateWindowHandler/]: Loading ImmediateWindowProvider fmlearlywindow
[05ott2026 16:56:20.526] [main/INFO] [net.neoforged.fml.earlydisplay.render.backend.opengl.GlRenderer/]: GL info: Intel(R) UHD Graphics GL version 3.3.0 - Build 32.0.101.5972, Intel
[05ott2026 16:56:20.595] [ForkJoinPool.commonPool-worker-10/INFO] [net.neoforged.fml.loading.moddiscovery.locators.GameLocator/]: Detected a joined NeoForge and Minecraft configuration. Applying filtering...
[05ott2026 16:56:20.683] [ForkJoinPool.commonPool-worker-10/INFO] [net.neoforged.fml.loading.moddiscovery.locators.InDevFolderLocator/CORE]: Got mod coordinates 26.3%%D:\Programmazione\Mod\Immersive Ores\NEOFORGE\26.3\build\resources\main;26.3%%D:\Programmazione\Mod\Immersive Ores\NEOFORGE\26.3\build\classes\java\main from env
[05ott2026 16:56:20.850] [ForkJoinPool.commonPool-worker-10/WARN] [net.neoforged.jarjar.selection.JarSelector/]: Attempted to select a dependency jar for JarJar which was passed in as source: library:mixinextras.neoforge. Using jar(C:/Users/rosar/.gradle/caches/modules-2/files-2.1/io.github.llamalad7/mixinextras-neoforge/0.5.5/26f2905a37afd203c3da1d6a2e164472a7531b41/mixinextras-neoforge-0.5.5.jar)
[05ott2026 16:56:20.850] [ForkJoinPool.commonPool-worker-10/INFO] [net.neoforged.fml.loading.moddiscovery.locators.JarInJarDependencyLocator/]: Found 1 dependencies adding them to mods collection
[05ott2026 16:56:20.853] [ForkJoinPool.commonPool-worker-10/INFO] [net.neoforged.fml.loading.moddiscovery.ModDiscoverer/]: 
     Mod List:
		Name Version (Mod Id)

		ImmersiveOres 26.3-0.1 (immersiveores)
		Jade 26.3.5+neoforge (jade)
		Minecraft 26.3 (minecraft)
		NeoForge 26.3.0.48-beta (neoforge)
[05ott2026 16:56:21.100] [main/INFO] [mixin/]: SpongePowered MIXIN Subsystem Version=0.8.7 Source=file:/C:/Users/rosar/.gradle/caches/modules-2/files-2.1/net.fabricmc/sponge-mixin/0.17.4+mixin.0.8.7/5f66cc9f59b8efaa942155a3d5a30599bf6640dd/sponge-mixin-0.17.4+mixin.0.8.7.jar Service=FML Env=CLIENT
[05ott2026 16:56:21.127] [main/INFO] [net.neoforged.fml.loading.FMLLoader/]: Loading FML Plugins:
[05ott2026 16:56:21.127] [main/INFO] [net.neoforged.fml.loading.FMLLoader/]:  - C:/Users/rosar/.gradle/caches/modules-2/files-2.1/net.neoforged/neoforge/26.3.0.48-beta/b5d86070007ce3e46a4fd3f9c4513ace26700aa1/neoforge-26.3.0.48-beta-universal.jar > net.neoforged.neoforge-coremods-26.3.0.48-beta.jar
[05ott2026 16:56:21.205] [main/INFO] [net.neoforged.fml.loading.FMLLoader/]: Building game content classloader:
 - immersiveores (composite(folder(D:/Programmazione/Mod/Immersive Ores/NEOFORGE/26.3/build/resources/main), folder(D:/Programmazione/Mod/Immersive Ores/NEOFORGE/26.3/build/classes/java/main)))
 - jade (jar(C:/Users/rosar/.gradle/caches/modules-2/files-2.1/maven.modrinth/jade/26.3.5+neoforge/add5199928930724adbe6f9dfaaf646bd1027294/jade-26.3.5+neoforge.jar))
 - minecraft (composite(filtered(jar(D:/Programmazione/Mod/Immersive Ores/NEOFORGE/26.3/.gradle/repositories/ng_dummy_ng/net/neoforged/neoforge/26.3.0.48-beta/neoforge-26.3.0.48-beta.jar)), filtered(jar(D:/Programmazione/Mod/Immersive Ores/NEOFORGE/26.3/.gradle/repositories/ng_dummy_ng/net/neoforged/neoforge/26.3.0.48-beta/neoforge-26.3.0.48-beta.jar))))
 - mixinextras.neoforge (jar(C:/Users/rosar/.gradle/caches/modules-2/files-2.1/io.github.llamalad7/mixinextras-neoforge/0.5.5/26f2905a37afd203c3da1d6a2e164472a7531b41/mixinextras-neoforge-0.5.5.jar))
 - neoforge (composite(filtered(jar(C:/Users/rosar/.gradle/caches/modules-2/files-2.1/net.neoforged/neoforge/26.3.0.48-beta/b5d86070007ce3e46a4fd3f9c4513ace26700aa1/neoforge-26.3.0.48-beta-universal.jar))))
 - net.neoforged.fml.generated (empty(VirtualJar/net.neoforged.fml.generated))
[05ott2026 16:56:21.220] [main/INFO] [net.neoforged.fml.loading.FMLLoader/]: Built game content classloader in 24ms
[05ott2026 16:56:21.284] [main/WARN] [mixin/]: Reference map 'immersiveores.refmap.json' for immersiveores.mixins.json could not be read. If this is a development environment you can ignore this message
[05ott2026 16:56:22.691] [Datafixer Bootstrap #0/INFO] [com.mojang.datafixers.DataFixerBuilder/]: 310 Datafixer optimizations took 293 milliseconds
[05ott2026 16:56:23.010] [pool-9-thread-1/INFO] [MixinExtras|Service/]: Initializing MixinExtras via com.llamalad7.mixinextras.service.MixinExtrasServiceImpl(version=0.5.5).
[05ott2026 16:56:27.108] [main/WARN] [net.minecraft.commands.Commands/]: Ambiguity between arguments [teleport, location] and [teleport, destination] with inputs: [0.1 -0.5 .9, 0 0 0]
[05ott2026 16:56:27.108] [main/WARN] [net.minecraft.commands.Commands/]: Ambiguity between arguments [teleport, location] and [teleport, targets] with inputs: [0.1 -0.5 .9, 0 0 0]
[05ott2026 16:56:27.112] [main/WARN] [net.minecraft.commands.Commands/]: Ambiguity between arguments [teleport, destination] and [teleport, targets] with inputs: [Player, 0123, @e, dd12be42-52a9-4a91-a8a1-11c01849e498]
[05ott2026 16:56:27.113] [main/WARN] [net.minecraft.commands.Commands/]: Ambiguity between arguments [teleport, targets] and [teleport, destination] with inputs: [Player, 0123, dd12be42-52a9-4a91-a8a1-11c01849e498]
[05ott2026 16:56:27.114] [main/WARN] [net.minecraft.commands.Commands/]: Ambiguity between arguments [teleport, targets, location] and [teleport, targets, destination] with inputs: [0.1 -0.5 .9, 0 0 0]
[05ott2026 16:56:27.115] [main/WARN] [net.minecraft.commands.Commands/]: Ambiguity between arguments [time, set, time] and [time, set, timemarker] with inputs: [0, 0s, 0d, 0t]
[05ott2026 16:56:27.116] [main/WARN] [net.minecraft.commands.Commands/]: Ambiguity between arguments [time, set, timemarker] and [time, set, time] with inputs: [012]
[05ott2026 16:56:27.117] [main/WARN] [net.minecraft.commands.Commands/]: Ambiguity between arguments [time, of, clock, set, time] and [time, of, clock, set, timemarker] with inputs: [0, 0s, 0d, 0t]
[05ott2026 16:56:27.118] [main/WARN] [net.minecraft.commands.Commands/]: Ambiguity between arguments [time, of, clock, set, timemarker] and [time, of, clock, set, time] with inputs: [012]
[05ott2026 16:56:27.183] [modloading-worker-0/INFO] [net.neoforged.neoforge.common.NeoForgeMod/NEOFORGE-MOD]: NeoForge mod loading, version 26.3.0.48-beta, for MC 26.3
[05ott2026 16:56:27.767] [Render thread/INFO] [com.mojang.authlib.services.MinecraftServicesDiscoveryService/]: Environment: Environment[discoveryUrl=https://discovery.minecraftservices.com/minecraft/client, name=PROD]
[05ott2026 16:56:27.787] [Render thread/INFO] [net.minecraft.client.Minecraft/]: Setting user: Dev
[05ott2026 16:56:27.877] [Render thread/INFO] [net.minecraft.client.Minecraft/]: Backend library: LWJGL version 3.4.3+4
[05ott2026 16:56:28.238] [Render thread/INFO] [com.mojang.renderpearl.backend.vulkan.VulkanBackend/]: Preferring discrete GPU: NVIDIA GeForce RTX 4050 Laptop GPU
[05ott2026 16:56:28.348] [Render thread/INFO] [net.minecraft.client.Minecraft/]: Using graphics backend OpenGL, using drivers: 3.3.0 - Build 32.0.101.5972
[05ott2026 16:56:28.348] [Render thread/INFO] [net.minecraft.client.Minecraft/]: Using graphics device: Intel(R) UHD Graphics (Intel)
[05ott2026 16:56:28.348] [Render thread/INFO] [net.minecraft.client.Minecraft/]: Using graphics device extensions: GL_ARB_multi_draw_indirect, GL_ARB_shader_draw_parameters, GL_ARB_base_instance, GL_KHR_debug, GL_ARB_draw_indirect, GL_ARB_clip_control, GL_ARB_vertex_attrib_binding, GL_ARB_direct_state_access, GL_EXT_texture_filter_anisotropic
[05ott2026 16:56:28.367] [Render thread/INFO] [com.mojang.blaze3d.platform.Window/]: Created window using SDL video driver: windows
[05ott2026 16:56:29.258] [modloading-sync-worker/INFO] [snownee.jade.Jade/]: Start loading plugin from ImmersiveOres: com.blocklegend001.immersiveores.imp.client.compat.JadeCompatibility
[05ott2026 16:56:29.261] [modloading-sync-worker/INFO] [snownee.jade.Jade/]: com.blocklegend001.immersiveores.imp.client.compat.JadeCompatibility loaded: 1.933 ms
[05ott2026 16:56:29.261] [modloading-sync-worker/INFO] [snownee.jade.Jade/]: Start loading plugin from Jade: snownee.jade.addon.access.AccessibilityPlugin
[05ott2026 16:56:29.270] [modloading-sync-worker/INFO] [snownee.jade.Jade/]: snownee.jade.addon.access.AccessibilityPlugin loaded: 8.216 ms
[05ott2026 16:56:29.273] [modloading-sync-worker/INFO] [snownee.jade.Jade/]: Start loading plugin from Jade: snownee.jade.addon.core.CorePlugin
[05ott2026 16:56:29.278] [modloading-sync-worker/INFO] [snownee.jade.Jade/]: snownee.jade.addon.core.CorePlugin loaded: 6.242 ms
[05ott2026 16:56:29.280] [modloading-sync-worker/INFO] [snownee.jade.Jade/]: Start loading plugin from Jade: snownee.jade.addon.debug.DebugPlugin
[05ott2026 16:56:29.286] [modloading-sync-worker/INFO] [snownee.jade.Jade/]: snownee.jade.addon.debug.DebugPlugin loaded: 5.018 ms
[05ott2026 16:56:29.287] [modloading-sync-worker/INFO] [snownee.jade.Jade/]: Start loading plugin from Jade: snownee.jade.addon.universal.UniversalPlugin
[05ott2026 16:56:29.308] [modloading-sync-worker/INFO] [snownee.jade.Jade/]: snownee.jade.addon.universal.UniversalPlugin loaded: 21.29 ms
[05ott2026 16:56:29.311] [modloading-sync-worker/INFO] [snownee.jade.Jade/]: Start loading plugin from Jade: snownee.jade.addon.vanilla.VanillaPlugin
[05ott2026 16:56:29.340] [modloading-sync-worker/INFO] [snownee.jade.Jade/]: snownee.jade.addon.vanilla.VanillaPlugin loaded: 29.13 ms
[05ott2026 16:56:29.438] [Render thread/INFO] [net.minecraft.server.packs.resources.ReloadableResourceManager/]: Reloading ResourceManager: vanilla, vanilla, mod_resources, mod/immersiveores, mod/jade, mod/neoforge
[05ott2026 16:56:29.581] [resourceLoad/INFO] [net.minecraft.client.gui.font.providers.UnihexProvider/]: Found unifont_all_no_pua-17.0.01.hex, loading
[05ott2026 16:56:29.581] [resourceLoad/INFO] [net.minecraft.client.gui.font.providers.UnihexProvider/]: Found unifont_pua-17.0.01.hex, loading
[05ott2026 16:56:29.701] [resourceLoad/INFO] [net.minecraft.client.gui.font.providers.UnihexProvider/]: Found unifont_jp_patch-17.0.01.hex, loading
[05ott2026 16:56:31.117] [Render thread/INFO] [com.mojang.blaze3d.audio.Library/]: OpenAL initialized on device OpenAL Soft on Altoparlanti (Maonocaster G1 Neo)
[05ott2026 16:56:31.121] [Render thread/INFO] [net.minecraft.client.sounds.SoundEngine/SOUNDS]: Sound engine started
[05ott2026 16:56:31.121] [Render thread/INFO] [net.minecraft.client.renderer.texture.TextureAtlas/]: Created: 512x256x0 minecraft:textures/atlas/particles.png-atlas
[05ott2026 16:56:31.169] [Render thread/INFO] [net.minecraft.client.renderer.texture.TextureAtlas/]: Created: 256x128x0 minecraft:textures/atlas/celestials.png-atlas
[05ott2026 16:56:31.171] [Render thread/INFO] [net.minecraft.client.renderer.texture.TextureAtlas/]: Created: 128x128x0 minecraft:textures/atlas/decorated_pot.png-atlas
[05ott2026 16:56:31.175] [Render thread/INFO] [net.minecraft.client.renderer.texture.TextureAtlas/]: Created: 512x256x0 minecraft:textures/atlas/paintings.png-atlas
[05ott2026 16:56:31.180] [Render thread/INFO] [net.minecraft.client.renderer.texture.TextureAtlas/]: Created: 1024x512x0 minecraft:textures/atlas/shield_patterns.png-atlas
[05ott2026 16:56:31.186] [Render thread/INFO] [net.minecraft.client.renderer.texture.TextureAtlas/]: Created: 1024x512x0 minecraft:textures/atlas/banner_patterns.png-atlas
[05ott2026 16:56:31.190] [Render thread/INFO] [net.minecraft.client.renderer.texture.TextureAtlas/]: Created: 2048x2048x4 minecraft:textures/atlas/blocks.png-atlas
[05ott2026 16:56:31.424] [Render thread/INFO] [net.minecraft.client.renderer.texture.TextureAtlas/]: Created: 1024x512x0 minecraft:textures/atlas/items.png-atlas
[05ott2026 16:56:31.535] [Render thread/INFO] [net.minecraft.client.renderer.texture.TextureAtlas/]: Created: 1024x1024x0 minecraft:textures/atlas/gui.png-atlas
[05ott2026 16:56:31.597] [Render thread/INFO] [net.minecraft.client.renderer.texture.TextureAtlas/]: Created: 128x64x0 minecraft:textures/atlas/map_decorations.png-atlas
[05ott2026 16:56:31.603] [Render thread/INFO] [net.minecraft.client.renderer.texture.TextureAtlas/]: Created: 512x512x0 minecraft:textures/atlas/chest.png-atlas
[05ott2026 16:56:31.605] [Render thread/INFO] [net.minecraft.client.renderer.texture.TextureAtlas/]: Created: 512x512x0 minecraft:textures/atlas/shulker_boxes.png-atlas
[05ott2026 16:56:31.691] [Render thread/INFO] [net.neoforged.neoforge.client.entity.animation.json.AnimationLoader/]: Loaded 0 entity animations
[05ott2026 16:56:35.698] [Worker-Main-15/INFO] [net.minecraft.advancements.AdvancementTree/]: Loaded 1941 advancements
[05ott2026 16:56:35.826] [Render thread/INFO] [net.neoforged.neoforge.common.crafting.RecipePriorityManager/]: Loaded 0 recipe priority overrides
[05ott2026 16:56:35.868] [Render thread/INFO] [snownee.jade.Jade/]: LootTableMineableCollector took 3.111 ms
[05ott2026 16:56:36.044] [Server thread/INFO] [net.minecraft.client.server.IntegratedServer/]: Starting integrated minecraft server version 26.3
[05ott2026 16:56:36.044] [Server thread/INFO] [net.minecraft.server.MinecraftServer/]: Generating keypair
[05ott2026 16:56:36.489] [Server thread/INFO] [net.minecraft.server.level.progress.LoggingLevelLoadListener/]: Loading 0 persistent chunks...
[05ott2026 16:56:36.501] [Server thread/INFO] [net.minecraft.server.MinecraftServer/]: Saving chunks for level 'ServerLevel[New World]'/minecraft:overworld
[05ott2026 16:56:36.658] [Server thread/INFO] [net.minecraft.server.MinecraftServer/]: Saving chunks for level 'ServerLevel[New World]'/minecraft:the_nether
[05ott2026 16:56:36.668] [Server thread/INFO] [net.minecraft.server.MinecraftServer/]: Saving chunks for level 'ServerLevel[New World]'/minecraft:the_end
[05ott2026 16:56:36.700] [Server thread/INFO] [net.neoforged.neoforge.server.permission.PermissionAPI/]: Successfully initialized permission handler neoforge:default_handler
[05ott2026 16:56:37.230] [Server thread/INFO] [net.minecraft.server.level.progress.LoggingLevelLoadListener/]: Loading 49 chunks for player spawn...
[05ott2026 16:56:37.231] [Server thread/INFO] [net.minecraft.server.level.progress.LoggingLevelLoadListener/]: Preparing spawn area: 16%
[05ott2026 16:56:37.252] [Server thread/INFO] [net.minecraft.server.level.progress.LoggingLevelLoadListener/]: Preparing spawn area: 16%
[05ott2026 16:56:37.503] [Server thread/INFO] [net.minecraft.server.level.progress.LoggingLevelLoadListener/]: Preparing spawn area: 100%
[05ott2026 16:56:37.503] [Server thread/INFO] [net.minecraft.server.level.progress.LoggingLevelLoadListener/]: Time elapsed: 1014 ms
[05ott2026 16:56:37.810] [Server thread/INFO] [net.minecraft.server.players.PlayerList/]: Dev[local:E:daa57b61] logged in with entity id 96 at (-17.69999998807907, 70.0, 6.48854868444178)
[05ott2026 16:56:37.872] [Server thread/INFO] [net.minecraft.server.MinecraftServer/]: System chat: Dev joined the game
[05ott2026 16:56:38.003] [Render thread/WARN] [net.minecraft.client.multiplayer.ClientPacketListener/]: Ignoring chat session from Dev due to missing Services public key
[05ott2026 16:56:38.029] [Server thread/INFO] [net.minecraft.client.server.IntegratedServer/]: Changing view distance to 16, from 10
[05ott2026 16:56:38.031] [Server thread/INFO] [net.minecraft.client.server.IntegratedServer/]: Changing simulation distance to 12, from 0
[05ott2026 16:56:38.067] [Render thread/WARN] [net.minecraft.client.renderer.ShaderManager/]: Requested post effect does not exist: minecraft:end_of_frame
[05ott2026 16:56:38.110] [Render thread/INFO] [net.minecraft.client.renderer.DynamicGpuDataStorageMapped/]: Resizing Dynamic Transforms UBO, capacity limit of 2 reached during a single frame. New capacity will be 4.
[05ott2026 16:56:38.117] [Render thread/INFO] [net.minecraft.advancements.AdvancementTree/]: Loaded 24 advancements
[05ott2026 16:56:38.158] [Render thread/INFO] [snownee.jade.Jade/]: Received config from the server: {}
[05ott2026 16:56:38.163] [Render thread/WARN] [net.minecraft.client.multiplayer.ClientPacketListener/]: Received passengers for unknown entity
[05ott2026 16:56:38.266] [Render thread/INFO] [net.minecraft.client.renderer.DynamicGpuDataStorageMapped/]: Resizing Dynamic Transforms UBO, capacity limit of 4 reached during a single frame. New capacity will be 8.
[05ott2026 16:56:38.830] [Render thread/INFO] [net.minecraft.client.renderer.DynamicGpuDataStorageMapped/]: Resizing Chunk Sections UBO, capacity limit of 2 reached during a single frame. New capacity will be 16.
[05ott2026 16:56:39.341] [Render thread/INFO] [net.minecraft.client.renderer.DynamicGpuDataStorageMapped/]: Resizing Dynamic Transforms UBO, capacity limit of 8 reached during a single frame. New capacity will be 16.
[05ott2026 16:56:39.441] [Render thread/INFO] [net.minecraft.client.renderer.DynamicGpuDataStorageMapped/]: Resizing Chunk Sections UBO, capacity limit of 16 reached during a single frame. New capacity will be 32.
[05ott2026 16:56:39.527] [Render thread/INFO] [net.minecraft.client.renderer.DynamicGpuDataStorageMapped/]: Resizing Chunk Sections UBO, capacity limit of 32 reached during a single frame. New capacity will be 64.
[05ott2026 16:56:39.697] [Render thread/INFO] [net.minecraft.client.renderer.DynamicGpuDataStorageMapped/]: Resizing Chunk Sections UBO, capacity limit of 64 reached during a single frame. New capacity will be 128.
[05ott2026 16:56:40.010] [Render thread/INFO] [net.minecraft.client.renderer.DynamicGpuDataStorageMapped/]: Resizing Chunk Sections UBO, capacity limit of 128 reached during a single frame. New capacity will be 256.
[05ott2026 16:56:40.393] [Render thread/INFO] [net.minecraft.client.renderer.DynamicGpuDataStorageMapped/]: Resizing Chunk Sections UBO, capacity limit of 256 reached during a single frame. New capacity will be 512.
[05ott2026 16:56:41.356] [Render thread/INFO] [net.minecraft.client.renderer.DynamicGpuDataStorageMapped/]: Resizing Chunk Sections UBO, capacity limit of 512 reached during a single frame. New capacity will be 1024.
[05ott2026 16:56:43.063] [Server thread/INFO] [net.minecraft.server.MinecraftServer/]: System chat: [Dev: Set own game mode to Creative Mode]
[05ott2026 16:56:43.124] [Render thread/INFO] [net.minecraft.client.gui.components.ChatComponent/]: [System] [CHAT] Set own game mode to Creative Mode
[05ott2026 16:57:05.794] [Server thread/INFO] [net.minecraft.server.MinecraftServer/]: System chat: [Dev: Set own game mode to Survival Mode]
[05ott2026 16:57:05.803] [Render thread/INFO] [net.minecraft.client.gui.components.ChatComponent/]: [System] [CHAT] Set own game mode to Survival Mode
[05ott2026 16:57:16.608] [Server thread/INFO] [net.minecraft.server.MinecraftServer/]: System chat: Dev has made the advancement [Best Friends Forever]
[05ott2026 16:57:16.617] [Render thread/INFO] [net.minecraft.client.gui.components.ChatComponent/]: [System] [CHAT] Dev has made the advancement [Best Friends Forever]
[05ott2026 16:57:16.617] [Render thread/INFO] [net.minecraft.advancements.AdvancementTree/]: Loaded 30 advancements
[05ott2026 16:57:24.599] [Server thread/INFO] [net.minecraft.server.MinecraftServer/]: System chat: [Dev: Set own game mode to Creative Mode]
[05ott2026 16:57:24.600] [Render thread/INFO] [net.minecraft.client.gui.components.ChatComponent/]: [System] [CHAT] Set own game mode to Creative Mode
[05ott2026 16:57:33.455] [Render thread/INFO] [net.minecraft.client.renderer.DynamicGpuDataStorageMapped/]: Resizing Dynamic Transforms UBO, capacity limit of 16 reached during a single frame. New capacity will be 32.
[05ott2026 16:57:35.820] [Render thread/INFO] [net.minecraft.advancements.AdvancementTree/]: Loaded 32 advancements
[05ott2026 16:57:36.118] [Render thread/INFO] [net.minecraft.advancements.AdvancementTree/]: Loaded 34 advancements
[05ott2026 16:57:36.475] [Render thread/INFO] [net.minecraft.advancements.AdvancementTree/]: Loaded 36 advancements
[05ott2026 16:57:36.810] [Render thread/INFO] [net.minecraft.advancements.AdvancementTree/]: Loaded 38 advancements
[05ott2026 16:57:39.415] [Render thread/INFO] [net.minecraft.advancements.AdvancementTree/]: Loaded 46 advancements
[05ott2026 16:57:46.651] [Server thread/INFO] [net.minecraft.server.MinecraftServer/]: System chat: Dev has made the advancement [Crafting a New Look]
[05ott2026 16:57:46.660] [Render thread/INFO] [net.minecraft.client.gui.components.ChatComponent/]: [System] [CHAT] Dev has made the advancement [Crafting a New Look]
[05ott2026 16:57:46.660] [Render thread/INFO] [net.minecraft.advancements.AdvancementTree/]: Loaded 49 advancements
[05ott2026 16:57:53.251] [Server thread/INFO] [net.minecraft.server.network.ServerGamePacketListenerImpl/]: Player Dev standing on air - force-sending blocks below
